============================= test session starts =============================
platform win32 -- Python 3.14.0, pytest-9.0.2, pluggy-1.6.0 -- C:\Python314\python.exe
cachedir: .pytest_cache
PyQt5 5.15.11 -- Qt runtime 5.15.2 -- Qt compiled 5.15.2
rootdir: D:\gits\mocr
configfile: pytest.ini
plugins: anyio-4.12.1, cov-7.0.0, qt-4.5.0
collecting ... collected 25 items / 25 deselected / 0 selected

=========================== 25 deselected in 0.06s ============================
